[pocketbase.io/docs/index.html]
[backblue.gif]
[fade.gif]
[index.html]
[pocketbase.io/images/og.png]
[pocketbase.io/images/favicon/apple-touch-icon.png]
[pocketbase.io/images/favicon/favicon-32x32.png]
[pocketbase.io/images/favicon/favicon-16x16.png]
[pocketbase.io/_app/immutable/assets/2.0975cac3.css]
[pocketbase.io/_app/immutable/assets/main.a2ec6d35.css]
[pocketbase.io/_app/immutable/assets/3.9c47a874.css]
[pocketbase.io/_app/immutable/assets/5.f8747f5c.css]
[pocketbase.io/_app/immutable/entry/start.c884ba35.js]
[pocketbase.io/_app/immutable/chunks/index.a7566c1a.js]
[pocketbase.io/_app/immutable/chunks/singletons.01dc88c8.js]
[pocketbase.io/_app/immutable/chunks/index.f5b995db.js]
[pocketbase.io/_app/immutable/entry/app.7b6d4e54.js]
[pocketbase.io/_app/immutable/nodes/0.1674d90f.js]
[pocketbase.io/_app/immutable/nodes/2.d9b2382e.js]
[pocketbase.io/_app/immutable/chunks/PageFooter.186a253e.js]
[pocketbase.io/_app/immutable/chunks/tooltip.f1d7ab7e.js]
[pocketbase.io/_app/immutable/chunks/CommonHelper.7329e1a7.js]
[pocketbase.io/_app/immutable/nodes/3.a42e91c2.js]
[pocketbase.io/_app/immutable/chunks/stores.fb1f6c95.js]
[pocketbase.io/_app/immutable/chunks/preferences.0fc33f39.js]
[pocketbase.io/_app/immutable/nodes/5.d543ee36.js]
[pocketbase.io/docs/collections.html]
[pocketbase.io/docs/api-rules-and-filters.html]
[pocketbase.io/docs/client-side-sdks.html]
[pocketbase.io/docs/authentication.html]
[pocketbase.io/docs/files-handling.html]
[pocketbase.io/docs/working-with-relations.html]
[pocketbase.io/docs/use-as-framework.html]
[pocketbase.io/docs/api-records.html]
[pocketbase.io/docs/going-to-production.html]
[pocketbase.io/docs/go-overview.html]
[pocketbase.io/docs/js-overview.html]
[pocketbase.io/docs/go-event-hooks.html]
[pocketbase.io/docs/go-routing.html]
[pocketbase.io/docs/go-database.html]
[pocketbase.io/docs/go-records.html]
[pocketbase.io/docs/go-collections.html]
[pocketbase.io/docs/go-migrations.html]
[pocketbase.io/docs/go-jobs-scheduling.html]
[pocketbase.io/docs/go-console-commands.html]
[pocketbase.io/docs/go-sending-emails.html]
[pocketbase.io/docs/go-rendering-templates.html]
[pocketbase.io/docs/go-logging.html]
[pocketbase.io/docs/go-testing.html]
[pocketbase.io/docs/go-custom-models.html]
[pocketbase.io/docs/js-event-hooks.html]
[pocketbase.io/docs/js-routing.html]
[pocketbase.io/docs/js-database.html]
[pocketbase.io/docs/js-records.html]
[pocketbase.io/docs/js-collections.html]
[pocketbase.io/docs/js-migrations.html]
[pocketbase.io/docs/js-jobs-scheduling.html]
[pocketbase.io/docs/js-console-commands.html]
[pocketbase.io/docs/js-sending-emails.html]
[pocketbase.io/docs/js-sending-http-requests.html]
[pocketbase.io/docs/js-rendering-templates.html]
[pocketbase.io/docs/index.html]
[pocketbase.io/_app/immutable/assets/2.0975cac3.css]
[pocketbase.io/_app/immutable/assets/main.a2ec6d35.css]
[pocketbase.io/_app/immutable/assets/3.9c47a874.css]
[pocketbase.io/_app/immutable/assets/5.f8747f5c.css]
[pocketbase.io/docs/js-logging.html]
[pocketbase.io/_app/immutable/assets/CodeBlock.d22afb3e.css]
[pocketbase.io/_app/immutable/nodes/18.c54063be.js]
[pocketbase.io/_app/immutable/chunks/HeadingLink.20322812.js]
[pocketbase.io/_app/immutable/chunks/Toc.c31a36b6.js]
[pocketbase.io/_app/immutable/chunks/CodeBlock.a090ee9b.js]
[pocketbase.io/docs/api-collections.html]
[pocketbase.io/docs/collections.html]
[pocketbase.io/images/screenshots/collection-panel.png]
[pocketbase.io/_app/immutable/assets/FilterSyntax.68f52edd.css]
[pocketbase.io/_app/immutable/nodes/14.07f459ab.js]
[pocketbase.io/_app/immutable/chunks/FilterSyntax.3a84ec87.js]
[pocketbase.io/docs/api-rules-and-filters.html]
[pocketbase.io/images/screenshots/collection-rules.png]
[pocketbase.io/_app/immutable/nodes/17.f402786b.js]
[pocketbase.io/docs/api-files.html]
[pocketbase.io/docs/api-realtime.html]
[pocketbase.io/docs/client-side-sdks.html]
[pocketbase.io/images/screenshots/api-preview.png]
[pocketbase.io/_app/immutable/assets/CodeTabs.6b01f1f0.css]
[pocketbase.io/_app/immutable/nodes/16.ed7af629.js]
[pocketbase.io/docs/authentication.html]
[pocketbase.io/_app/immutable/chunks/CodeTabs.6d65d0b1.js]
[pocketbase.io/_app/immutable/nodes/19.d5a13200.js]
[pocketbase.io/_app/immutable/chunks/ThumbFormats.e63d1815.js]
[pocketbase.io/images/screenshots/file-field.png]
[pocketbase.io/images/screenshots/file-options.png]
[pocketbase.io/docs/files-handling.html]
[pocketbase.io/images/screenshots/files-storage.png]
[pocketbase.io/docs/working-with-relations.html]
[pocketbase.io/_app/immutable/nodes/49.42781fdd.js]
[pocketbase.io/docs/use-as-framework.html]
[pocketbase.io/_app/immutable/nodes/48.99e54ea7.js]
[pocketbase.io/_app/immutable/nodes/13.f48d346c.js]
[pocketbase.io/_app/immutable/chunks/Accordion.71344b00.js]
[pocketbase.io/_app/immutable/chunks/FieldsQueryParam.61e1061c.js]
[pocketbase.io/_app/immutable/chunks/SkipTotalQueryParam.f93bb961.js]
[pocketbase.io/docs/api-admins.html]
[pocketbase.io/docs/api-settings.html]
[pocketbase.io/docs/api-logs.html]
[pocketbase.io/docs/api-backups.html]
[pocketbase.io/docs/api-records.html]
[pocketbase.io/docs/api-health.html]
[pocketbase.io/_app/immutable/nodes/34.d67d1178.js]
[pocketbase.io/images/screenshots/backups.png]
[pocketbase.io/docs/going-to-production.html]
[pocketbase.io/images/screenshots/smtp-settings.png]
[pocketbase.io/docs/go-overview.html]
[pocketbase.io/_app/immutable/nodes/28.465e9340.js]
[pocketbase.io/docs/js-overview.html]
[pocketbase.io/_app/immutable/nodes/42.17638da1.js]
[pocketbase.io/_app/immutable/nodes/24.71186b6b.js]
[pocketbase.io/docs/go-event-hooks.html]
[pocketbase.io/_app/immutable/chunks/event_hooks.779c0ddc.js]
[pocketbase.io/docs/go-routing.html]
[pocketbase.io/_app/immutable/nodes/31.93d060c2.js]
[pocketbase.io/docs/go-database.html]
[pocketbase.io/_app/immutable/nodes/23.0d4ab3ff.js]
[pocketbase.io/docs/go-records.html]
[pocketbase.io/_app/immutable/nodes/29.9922c00f.js]
[pocketbase.io/docs/go-collections.html]
[pocketbase.io/_app/immutable/nodes/20.7b0a8e0a.js]
[pocketbase.io/docs/go-migrations.html]
[pocketbase.io/_app/immutable/nodes/27.bea5375d.js]
[pocketbase.io/docs/go-jobs-scheduling.html]
[pocketbase.io/_app/immutable/nodes/25.c11b808c.js]
[pocketbase.io/docs/go-console-commands.html]
[pocketbase.io/_app/immutable/nodes/21.4eeb134d.js]
[pocketbase.io/docs/go-sending-emails.html]
[pocketbase.io/_app/immutable/nodes/32.71fd071f.js]
[pocketbase.io/docs/go-rendering-templates.html]
[pocketbase.io/_app/immutable/nodes/30.a8435f34.js]
[pocketbase.io/docs/go-event-hooks/index.html]
[pocketbase.io/_app/immutable/nodes/26.08e5af55.js]
[pocketbase.io/_app/immutable/chunks/LogsSettingsSection.8fb5961d.js]
[pocketbase.io/docs/go-logging.html]
[pocketbase.io/images/screenshots/logs.png]
[pocketbase.io/docs/go-testing.html]
[pocketbase.io/_app/immutable/nodes/33.65ca7d8a.js]
[pocketbase.io/docs/go-custom-models.html]
[pocketbase.io/_app/immutable/nodes/22.34701264.js]
[pocketbase.io/_app/immutable/nodes/38.f2fe2cc2.js]
[pocketbase.io/docs/js-event-hooks.html]
[pocketbase.io/docs/js-routing.html]
[pocketbase.io/_app/immutable/nodes/45.6816df96.js]
[pocketbase.io/docs/js-database.html]
[pocketbase.io/_app/immutable/nodes/37.0f12fb0c.js]
[pocketbase.io/docs/js-records.html]
[pocketbase.io/_app/immutable/nodes/43.6ad50ad8.js]
[pocketbase.io/docs/js-collections.html]
[pocketbase.io/_app/immutable/nodes/35.e0d74c8a.js]
[pocketbase.io/docs/js-migrations.html]
[pocketbase.io/_app/immutable/nodes/41.4c3b1262.js]
[pocketbase.io/docs/js-jobs-scheduling.html]
[pocketbase.io/_app/immutable/nodes/39.14fbf560.js]
[pocketbase.io/docs/js-console-commands.html]
[pocketbase.io/_app/immutable/nodes/36.74573dbb.js]
[pocketbase.io/docs/js-sending-emails.html]
[pocketbase.io/_app/immutable/nodes/46.5f6fee32.js]
[pocketbase.io/docs/js-sending-http-requests.html]
[pocketbase.io/_app/immutable/nodes/47.36d92d6e.js]
[pocketbase.io/docs/js-event-hooks/index.html]
[pocketbase.io/docs/js-rendering-templates.html]
[pocketbase.io/_app/immutable/nodes/44.e3340f37.js]
[pocketbase.io/docs/js-logging.html]
[pocketbase.io/_app/immutable/assets/CodeBlock.d22afb3e.css]
[pocketbase.io/_app/immutable/nodes/40.4f6e6b5f.js]
[pocketbase.io/docs/api-collections.html]
[pocketbase.io/_app/immutable/assets/FilterSyntax.68f52edd.css]
[pocketbase.io/_app/immutable/nodes/8.18b9784e.js]
[pocketbase.io/docs/api-files.html]
[pocketbase.io/_app/immutable/nodes/9.42ebafaa.js]
[pocketbase.io/docs/api-rules-and-filters/index.html]
[pocketbase.io/docs/api-realtime.html]
[pocketbase.io/_app/immutable/assets/CodeTabs.6b01f1f0.css]
[pocketbase.io/docs/files-handling/index.html]
[pocketbase.io/_app/immutable/nodes/12.07c015a7.js]
[pocketbase.io/docs/api-admins.html]
[pocketbase.io/_app/immutable/nodes/6.ea66333b.js]
[pocketbase.io/docs/api-settings.html]
[pocketbase.io/_app/immutable/nodes/15.3cc43c35.js]
[pocketbase.io/docs/api-logs.html]
[pocketbase.io/_app/immutable/nodes/11.2a476c4a.js]
[pocketbase.io/docs/api-backups.html]
[pocketbase.io/_app/immutable/nodes/7.ce4870fc.js]
[pocketbase.io/docs/api-health.html]
[pocketbase.io/docs/go-event-hooks/index.html]
[pocketbase.io/docs/js-event-hooks/index.html]
[pocketbase.io/docs/api-rules-and-filters/index.html]
[pocketbase.io/docs/files-handling/index.html]
[pocketbase.io/_app/immutable/nodes/10.bc3acb2e.js]
